// Jest Snapshot v1, https://goo.gl/fbAQLP

exports[`Accordion component: should render the accordion component 1`] = `
<div>
  <div>
    <div
      class="sc-bczRLJ hKfuKe"
      data-testid="accordion"
    >
      <div
        class="sc-gsnTZi fpCuiP"
      >
        <div
          class="sc-hKMtZM kJjoWu"
        >
          <div
            class="sc-eCYdqJ"
          >
            Accordion 1
          </div>
          <div
            class="sc-jSMfEi hsBVmt"
          >
            <svg
              fill="currentColor"
              height="1em"
              stroke="currentColor"
              stroke-width="0"
              viewBox="0 0 448 512"
              width="1em"
              xmlns="http://www.w3.org/2000/svg"
            >
              <path
                d="M416 208H272V64c0-17.67-14.33-32-32-32h-32c-17.67 0-32 14.33-32 32v144H32c-17.67 0-32 14.33-32 32v32c0 17.67 14.33 32 32 32h144v144c0 17.67 14.33 32 32 32h32c17.67 0 32-14.33 32-32V304h144c17.67 0 32-14.33 32-32v-32c0-17.67-14.33-32-32-32z"
              />
            </svg>
          </div>
        </div>
        <div
          class="sc-dkzDqf iTkAXJ"
        />
      </div>
    </div>
  </div>
</div>
`;
